// Jest Snapshot v1, https://goo.gl/fbAQLP

exports[`SurveyNew should render correctly 1`] = `"<Hoc touchOnBlur={true} touchOnChange={false} persistentSubmitErrors={false} destroyOnUnmount={true} shouldAsyncValidate={[Function: defaultShouldAsyncValidate]} shouldValidate={[Function: defaultShouldValidate]} shouldError={[Function: defaultShouldError]} shouldWarn={[Function: defaultShouldWarn]} enableReinitialize={false} keepDirtyOnReinitialize={false} updateUnregisteredFields={false} getFormState={[Function: getFormState]} pure={true} forceUnregisterOnUnmount={false} submitAsSideEffect={false} form=\\"surveyForm\\" forwardedRef={{...}} />"`;
